Archive member included to satisfy reference by file (symbol)

/usr/lib/x86_64-linux-gnu/libc_nonshared.a(elf-init.oS)
                              /usr/lib/gcc/x86_64-linux-gnu/4.8/../../../x86_64-linux-gnu/crt1.o (__libc_csu_init)

Allocating common symbols
Common symbol       size              file

buffer              0xa               main.o

Discarded input sections

 .note.GNU-stack
                0x0000000000000000        0x0 /usr/lib/gcc/x86_64-linux-gnu/4.8/../../../x86_64-linux-gnu/crt1.o
 .gnu_debuglink
                0x0000000000000000        0xc /usr/lib/gcc/x86_64-linux-gnu/4.8/../../../x86_64-linux-gnu/crt1.o
 .note.GNU-stack
                0x0000000000000000        0x0 /usr/lib/gcc/x86_64-linux-gnu/4.8/../../../x86_64-linux-gnu/crti.o
 .gnu_debuglink
                0x0000000000000000        0xc /usr/lib/gcc/x86_64-linux-gnu/4.8/../../../x86_64-linux-gnu/crti.o
 .note.GNU-stack
                0x0000000000000000        0x0 /usr/lib/gcc/x86_64-linux-gnu/4.8/crtbegin.o
 .note.GNU-stack
                0x0000000000000000        0x0 main.o
 .note.GNU-stack
                0x0000000000000000        0x0 memory.o
 .note.GNU-stack
                0x0000000000000000        0x0 course1.o
 .note.GNU-stack
                0x0000000000000000        0x0 stats.o
 .note.GNU-stack
                0x0000000000000000        0x0 data.o
 .note.GNU-stack
                0x0000000000000000        0x0 /usr/lib/x86_64-linux-gnu/libc_nonshared.a(elf-init.oS)
 .note.GNU-stack
                0x0000000000000000        0x0 /usr/lib/gcc/x86_64-linux-gnu/4.8/crtend.o
 .note.GNU-stack
                0x0000000000000000        0x0 /usr/lib/gcc/x86_64-linux-gnu/4.8/../../../x86_64-linux-gnu/crtn.o
 .gnu_debuglink
                0x0000000000000000        0xc /usr/lib/gcc/x86_64-linux-gnu/4.8/../../../x86_64-linux-gnu/crtn.o

Memory Configuration

Name             Origin             Length             Attributes
*default*        0x0000000000000000 0xffffffffffffffff

Linker script and memory map

LOAD /usr/lib/gcc/x86_64-linux-gnu/4.8/../../../x86_64-linux-gnu/crt1.o
LOAD /usr/lib/gcc/x86_64-linux-gnu/4.8/../../../x86_64-linux-gnu/crti.o
LOAD /usr/lib/gcc/x86_64-linux-gnu/4.8/crtbegin.o
LOAD main.o
LOAD memory.o
LOAD course1.o
LOAD stats.o
LOAD data.o
LOAD /usr/lib/gcc/x86_64-linux-gnu/4.8/libgcc.a
LOAD /usr/lib/gcc/x86_64-linux-gnu/4.8/libgcc_s.so
LOAD /usr/lib/gcc/x86_64-linux-gnu/4.8/../../../x86_64-linux-gnu/libc.so
START GROUP
LOAD /lib/x86_64-linux-gnu/libc.so.6
LOAD /usr/lib/x86_64-linux-gnu/libc_nonshared.a
LOAD /lib/x86_64-linux-gnu/ld-linux-x86-64.so.2
END GROUP
LOAD /usr/lib/gcc/x86_64-linux-gnu/4.8/libgcc.a
LOAD /usr/lib/gcc/x86_64-linux-gnu/4.8/libgcc_s.so
LOAD /usr/lib/gcc/x86_64-linux-gnu/4.8/crtend.o
LOAD /usr/lib/gcc/x86_64-linux-gnu/4.8/../../../x86_64-linux-gnu/crtn.o
                0x0000000000400000                PROVIDE (__executable_start, 0x400000)
                0x0000000000400238                . = (0x400000 + SIZEOF_HEADERS)

.interp         0x0000000000400238       0x1c
 *(.interp)
 .interp        0x0000000000400238       0x1c /usr/lib/gcc/x86_64-linux-gnu/4.8/../../../x86_64-linux-gnu/crt1.o

.note.ABI-tag   0x0000000000400254       0x20
 .note.ABI-tag  0x0000000000400254       0x20 /usr/lib/gcc/x86_64-linux-gnu/4.8/../../../x86_64-linux-gnu/crt1.o

.note.gnu.build-id
                0x0000000000400274       0x24
 *(.note.gnu.build-id)
 .note.gnu.build-id
                0x0000000000400274       0x24 /usr/lib/gcc/x86_64-linux-gnu/4.8/../../../x86_64-linux-gnu/crt1.o

.hash
 *(.hash)

.gnu.hash       0x0000000000400298       0x1c
 *(.gnu.hash)
 .gnu.hash      0x0000000000400298       0x1c /usr/lib/gcc/x86_64-linux-gnu/4.8/../../../x86_64-linux-gnu/crt1.o

.dynsym         0x00000000004002b8       0xd8
 *(.dynsym)
 .dynsym        0x00000000004002b8       0xd8 /usr/lib/gcc/x86_64-linux-gnu/4.8/../../../x86_64-linux-gnu/crt1.o

.dynstr         0x0000000000400390       0x73
 *(.dynstr)
 .dynstr        0x0000000000400390       0x73 /usr/lib/gcc/x86_64-linux-gnu/4.8/../../../x86_64-linux-gnu/crt1.o

.gnu.version    0x0000000000400404       0x12
 *(.gnu.version)
 .gnu.version   0x0000000000400404       0x12 /usr/lib/gcc/x86_64-linux-gnu/4.8/../../../x86_64-linux-gnu/crt1.o

.gnu.version_d  0x0000000000400418        0x0
 *(.gnu.version_d)
 .gnu.version_d
                0x0000000000000000        0x0 /usr/lib/gcc/x86_64-linux-gnu/4.8/../../../x86_64-linux-gnu/crt1.o

.gnu.version_r  0x0000000000400418       0x30
 *(.gnu.version_r)
 .gnu.version_r
                0x0000000000400418       0x30 /usr/lib/gcc/x86_64-linux-gnu/4.8/../../../x86_64-linux-gnu/crt1.o

.rela.dyn       0x0000000000400448       0x18
 *(.rela.init)
 *(.rela.text .rela.text.* .rela.gnu.linkonce.t.*)
 .rela.text     0x0000000000000000        0x0 /usr/lib/gcc/x86_64-linux-gnu/4.8/../../../x86_64-linux-gnu/crt1.o
 *(.rela.fini)
 *(.rela.rodata .rela.rodata.* .rela.gnu.linkonce.r.*)
 *(.rela.data .rela.data.* .rela.gnu.linkonce.d.*)
 *(.rela.tdata .rela.tdata.* .rela.gnu.linkonce.td.*)
 *(.rela.tbss .rela.tbss.* .rela.gnu.linkonce.tb.*)
 *(.rela.ctors)
 *(.rela.dtors)
 *(.rela.got)
 .rela.got      0x0000000000400448       0x18 /usr/lib/gcc/x86_64-linux-gnu/4.8/../../../x86_64-linux-gnu/crt1.o
 *(.rela.bss .rela.bss.* .rela.gnu.linkonce.b.*)
 .rela.bss      0x0000000000000000        0x0 /usr/lib/gcc/x86_64-linux-gnu/4.8/../../../x86_64-linux-gnu/crt1.o
 *(.rela.ldata .rela.ldata.* .rela.gnu.linkonce.l.*)
 *(.rela.lbss .rela.lbss.* .rela.gnu.linkonce.lb.*)
 *(.rela.lrodata .rela.lrodata.* .rela.gnu.linkonce.lr.*)
 *(.rela.ifunc)

.rela.plt       0x0000000000400460       0xc0
 *(.rela.plt)
 .rela.plt      0x0000000000400460       0xc0 /usr/lib/gcc/x86_64-linux-gnu/4.8/../../../x86_64-linux-gnu/crt1.o
                0x0000000000400520                PROVIDE (__rela_iplt_start, .)
 *(.rela.iplt)
 .rela.iplt     0x0000000000000000        0x0 /usr/lib/gcc/x86_64-linux-gnu/4.8/../../../x86_64-linux-gnu/crt1.o
                0x0000000000400520                PROVIDE (__rela_iplt_end, .)

.init           0x0000000000400520       0x1a
 *(SORT(.init))
 .init          0x0000000000400520       0x15 /usr/lib/gcc/x86_64-linux-gnu/4.8/../../../x86_64-linux-gnu/crti.o
                0x0000000000400520                _init
 .init          0x0000000000400535        0x5 /usr/lib/gcc/x86_64-linux-gnu/4.8/../../../x86_64-linux-gnu/crtn.o

.plt            0x0000000000400540       0x90
 *(.plt)
 .plt           0x0000000000400540       0x90 /usr/lib/gcc/x86_64-linux-gnu/4.8/../../../x86_64-linux-gnu/crt1.o
                0x0000000000400550                free@@GLIBC_2.2.5
                0x0000000000400560                putchar@@GLIBC_2.2.5
                0x0000000000400570                puts@@GLIBC_2.2.5
                0x0000000000400580                __stack_chk_fail@@GLIBC_2.4
                0x0000000000400590                printf@@GLIBC_2.2.5
                0x00000000004005a0                __libc_start_main@@GLIBC_2.2.5
                0x00000000004005c0                malloc@@GLIBC_2.2.5
 *(.iplt)
 .iplt          0x0000000000000000        0x0 /usr/lib/gcc/x86_64-linux-gnu/4.8/../../../x86_64-linux-gnu/crt1.o

.text           0x00000000004005d0     0x13b2
 *(.text.unlikely .text.*_unlikely .text.unlikely.*)
 *(.text.exit .text.exit.*)
 *(.text.startup .text.startup.*)
 *(.text.hot .text.hot.*)
 *(.text .stub .text.* .gnu.linkonce.t.*)
 .text          0x00000000004005d0       0x2a /usr/lib/gcc/x86_64-linux-gnu/4.8/../../../x86_64-linux-gnu/crt1.o
                0x00000000004005d0                _start
 .text          0x00000000004005fa        0x0 /usr/lib/gcc/x86_64-linux-gnu/4.8/../../../x86_64-linux-gnu/crti.o
 *fill*         0x00000000004005fa        0x6 
 .text          0x0000000000400600       0xbd /usr/lib/gcc/x86_64-linux-gnu/4.8/crtbegin.o
 .text          0x00000000004006bd      0x13a main.o
                0x00000000004006bd                main
 .text          0x00000000004007f7      0x350 memory.o
                0x00000000004007f7                set_value
                0x0000000000400819                clear_value
                0x0000000000400840                get_value
                0x000000000040085a                set_all
                0x000000000040089a                clear_all
                0x00000000004008bf                my_memcopy
                0x0000000000400950                my_memmove
                0x0000000000400a02                my_memset
                0x0000000000400a44                my_memzero
                0x0000000000400a7e                my_reverse
                0x0000000000400afd                reserve_words
                0x0000000000400b2d                free_words
 .text          0x0000000000400b47      0x8bf course1.o
                0x0000000000400b47                test_data1
                0x0000000000400bd6                test_data2
                0x0000000000400c65                test_memmove1
                0x0000000000400d52                test_memmove2
                0x0000000000400e3f                test_memmove3
                0x0000000000400f31                test_memcopy
                0x000000000040101e                test_memset
                0x0000000000401142                test_reverse
                0x00000000004012c3                course1
 .text          0x0000000000401406      0x3a1 stats.o
                0x0000000000401406                print_statistics
                0x00000000004014dd                print_array
                0x0000000000401565                find_median
                0x00000000004015e0                find_mean
                0x000000000040162a                find_maximum
                0x0000000000401685                find_minimum
                0x00000000004016ec                sort_array
 .text          0x00000000004017a7      0x161 data.o
                0x00000000004017a7                my_itoa
                0x00000000004018f1                my_atoi
 *fill*         0x0000000000401908        0x8 
 .text          0x0000000000401910       0x72 /usr/lib/x86_64-linux-gnu/libc_nonshared.a(elf-init.oS)
                0x0000000000401910                __libc_csu_init
                0x0000000000401980                __libc_csu_fini
 .text          0x0000000000401982        0x0 /usr/lib/gcc/x86_64-linux-gnu/4.8/crtend.o
 .text          0x0000000000401982        0x0 /usr/lib/gcc/x86_64-linux-gnu/4.8/../../../x86_64-linux-gnu/crtn.o
 *(.gnu.warning)

.fini           0x0000000000401984        0x9
 *(SORT(.fini))
 .fini          0x0000000000401984        0x4 /usr/lib/gcc/x86_64-linux-gnu/4.8/../../../x86_64-linux-gnu/crti.o
                0x0000000000401984                _fini
 .fini          0x0000000000401988        0x5 /usr/lib/gcc/x86_64-linux-gnu/4.8/../../../x86_64-linux-gnu/crtn.o
                0x000000000040198d                PROVIDE (__etext, .)
                0x000000000040198d                PROVIDE (_etext, .)
                0x000000000040198d                PROVIDE (etext, .)

.rodata         0x0000000000401990      0x2e8
 *(.rodata .rodata.* .gnu.linkonce.r.*)
 .rodata.cst4   0x0000000000401990        0x4 /usr/lib/gcc/x86_64-linux-gnu/4.8/../../../x86_64-linux-gnu/crt1.o
                0x0000000000401990                _IO_stdin_used
 .rodata        0x0000000000401994        0xe memory.o
 *fill*         0x00000000004019a2        0x6 
 .rodata        0x00000000004019a8      0x145 course1.o
 *fill*         0x0000000000401aed        0x3 
 .rodata        0x0000000000401af0      0x12f stats.o
 .rodata        0x0000000000401c1f       0x59 data.o

.rodata1
 *(.rodata1)

.eh_frame_hdr   0x0000000000401c78      0x124
 *(.eh_frame_hdr)
 .eh_frame_hdr  0x0000000000401c78      0x124 /usr/lib/gcc/x86_64-linux-gnu/4.8/../../../x86_64-linux-gnu/crt1.o

.eh_frame       0x0000000000401da0      0x4bc
 *(.eh_frame)
 .eh_frame      0x0000000000401da0       0x30 /usr/lib/gcc/x86_64-linux-gnu/4.8/../../../x86_64-linux-gnu/crt1.o
 .eh_frame      0x0000000000401dd0       0x40 /usr/lib/gcc/x86_64-linux-gnu/4.8/../../../x86_64-linux-gnu/crt1.o
 .eh_frame      0x0000000000401e10       0x20 main.o
                                         0x38 (size before relaxing)
 .eh_frame      0x0000000000401e30      0x180 memory.o
                                        0x198 (size before relaxing)
 .eh_frame      0x0000000000401fb0      0x128 course1.o
                                        0x140 (size before relaxing)
 .eh_frame      0x00000000004020d8       0xe0 stats.o
                                         0xf8 (size before relaxing)
 .eh_frame      0x00000000004021b8       0x40 data.o
                                         0x58 (size before relaxing)
 .eh_frame      0x00000000004021f8       0x60 /usr/lib/x86_64-linux-gnu/libc_nonshared.a(elf-init.oS)
                                         0x78 (size before relaxing)
 .eh_frame      0x0000000000402258        0x4 /usr/lib/gcc/x86_64-linux-gnu/4.8/crtend.o

.gcc_except_table
 *(.gcc_except_table .gcc_except_table.*)

.exception_ranges
 *(.exception_ranges .exception_ranges*)
                0x000000000040225c                . = (ALIGN (0x200000) - ((0x200000 - .) & 0x1fffff))
                0x0000000000602e0c                . = DATA_SEGMENT_ALIGN (0x200000, 0x1000)

.eh_frame
 *(.eh_frame)

.gcc_except_table
 *(.gcc_except_table .gcc_except_table.*)

.exception_ranges
 *(.exception_ranges .exception_ranges*)

.tdata
 *(.tdata .tdata.* .gnu.linkonce.td.*)

.tbss
 *(.tbss .tbss.* .gnu.linkonce.tb.*)
 *(.tcommon)

.preinit_array  0x0000000000602e0c        0x0
                0x0000000000602e0c                PROVIDE (__preinit_array_start, .)
 *(.preinit_array)
                0x0000000000602e0c                PROVIDE (__preinit_array_end, .)

.init_array     0x0000000000602e10        0x8
                0x0000000000602e10                PROVIDE (__init_array_start, .)
 *(SORT(.init_array.*) SORT(.ctors.*))
 *(.init_array EXCLUDE_FILE(*crtend?.o *crtend.o *crtbegin?.o *crtbegin.o) .ctors)
 .init_array    0x0000000000602e10        0x8 /usr/lib/gcc/x86_64-linux-gnu/4.8/crtbegin.o
                0x0000000000602e18                PROVIDE (__init_array_end, .)

.fini_array     0x0000000000602e18        0x8
                0x0000000000602e18                PROVIDE (__fini_array_start, .)
 *(SORT(.fini_array.*) SORT(.dtors.*))
 *(.fini_array EXCLUDE_FILE(*crtend?.o *crtend.o *crtbegin?.o *crtbegin.o) .dtors)
 .fini_array    0x0000000000602e18        0x8 /usr/lib/gcc/x86_64-linux-gnu/4.8/crtbegin.o
                0x0000000000602e20                PROVIDE (__fini_array_end, .)

.ctors
 *crtbegin.o(.ctors)
 *crtbegin?.o(.ctors)
 *(EXCLUDE_FILE(*crtend?.o *crtend.o) .ctors)
 *(SORT(.ctors.*))
 *(.ctors)

.dtors
 *crtbegin.o(.dtors)
 *crtbegin?.o(.dtors)
 *(EXCLUDE_FILE(*crtend?.o *crtend.o) .dtors)
 *(SORT(.dtors.*))
 *(.dtors)

.jcr            0x0000000000602e20        0x8
 *(.jcr)
 .jcr           0x0000000000602e20        0x0 /usr/lib/gcc/x86_64-linux-gnu/4.8/crtbegin.o
 .jcr           0x0000000000602e20        0x8 /usr/lib/gcc/x86_64-linux-gnu/4.8/crtend.o

.data.rel.ro
 *(.data.rel.ro.local* .gnu.linkonce.d.rel.ro.local.*)
 *(.data.rel.ro .data.rel.ro.* .gnu.linkonce.d.rel.ro.*)

.dynamic        0x0000000000602e28      0x1d0
 *(.dynamic)
 .dynamic       0x0000000000602e28      0x1d0 /usr/lib/gcc/x86_64-linux-gnu/4.8/../../../x86_64-linux-gnu/crt1.o
                0x0000000000602e28                _DYNAMIC

.got            0x0000000000602ff8        0x8
 *(.got)
 .got           0x0000000000602ff8        0x8 /usr/lib/gcc/x86_64-linux-gnu/4.8/../../../x86_64-linux-gnu/crt1.o
 *(.igot)
                0x0000000000603fe8                . = DATA_SEGMENT_RELRO_END (., (SIZEOF (.got.plt) >= 0x18)?0x18:0x0)

.got.plt        0x0000000000603000       0x58
 *(.got.plt)
 .got.plt       0x0000000000603000       0x58 /usr/lib/gcc/x86_64-linux-gnu/4.8/../../../x86_64-linux-gnu/crt1.o
                0x0000000000603000                _GLOBAL_OFFSET_TABLE_
 *(.igot.plt)
 .igot.plt      0x0000000000000000        0x0 /usr/lib/gcc/x86_64-linux-gnu/4.8/../../../x86_64-linux-gnu/crt1.o

.data           0x0000000000603058       0x10
 *(.data .data.* .gnu.linkonce.d.*)
 .data          0x0000000000603058        0x4 /usr/lib/gcc/x86_64-linux-gnu/4.8/../../../x86_64-linux-gnu/crt1.o
                0x0000000000603058                data_start
                0x0000000000603058                __data_start
 .data          0x000000000060305c        0x0 /usr/lib/gcc/x86_64-linux-gnu/4.8/../../../x86_64-linux-gnu/crti.o
 *fill*         0x000000000060305c        0x4 
 .data          0x0000000000603060        0x8 /usr/lib/gcc/x86_64-linux-gnu/4.8/crtbegin.o
                0x0000000000603060                __dso_handle
 .data          0x0000000000603068        0x0 main.o
 .data          0x0000000000603068        0x0 memory.o
 .data          0x0000000000603068        0x0 course1.o
 .data          0x0000000000603068        0x0 stats.o
 .data          0x0000000000603068        0x0 data.o
 .data          0x0000000000603068        0x0 /usr/lib/x86_64-linux-gnu/libc_nonshared.a(elf-init.oS)
 .data          0x0000000000603068        0x0 /usr/lib/gcc/x86_64-linux-gnu/4.8/crtend.o
 .data          0x0000000000603068        0x0 /usr/lib/gcc/x86_64-linux-gnu/4.8/../../../x86_64-linux-gnu/crtn.o

.tm_clone_table
                0x0000000000603068        0x0
 .tm_clone_table
                0x0000000000603068        0x0 /usr/lib/gcc/x86_64-linux-gnu/4.8/crtbegin.o
 .tm_clone_table
                0x0000000000603068        0x0 /usr/lib/gcc/x86_64-linux-gnu/4.8/crtend.o

.data1
 *(.data1)
                0x0000000000603068                _edata = .
                0x0000000000603068                PROVIDE (edata, .)
                0x0000000000603068                . = .
                0x0000000000603068                __bss_start = .

.bss            0x0000000000603068       0x10
 *(.dynbss)
 .dynbss        0x0000000000000000        0x0 /usr/lib/gcc/x86_64-linux-gnu/4.8/../../../x86_64-linux-gnu/crt1.o
 *(.bss .bss.* .gnu.linkonce.b.*)
 .bss           0x0000000000603068        0x0 /usr/lib/gcc/x86_64-linux-gnu/4.8/../../../x86_64-linux-gnu/crt1.o
 .bss           0x0000000000603068        0x0 /usr/lib/gcc/x86_64-linux-gnu/4.8/../../../x86_64-linux-gnu/crti.o
 .bss           0x0000000000603068        0x1 /usr/lib/gcc/x86_64-linux-gnu/4.8/crtbegin.o
 .bss           0x0000000000603069        0x0 main.o
 .bss           0x0000000000603069        0x0 memory.o
 .bss           0x0000000000603069        0x0 course1.o
 .bss           0x0000000000603069        0x0 stats.o
 .bss           0x0000000000603069        0x0 data.o
 .bss           0x0000000000603069        0x0 /usr/lib/x86_64-linux-gnu/libc_nonshared.a(elf-init.oS)
 .bss           0x0000000000603069        0x0 /usr/lib/gcc/x86_64-linux-gnu/4.8/crtend.o
 .bss           0x0000000000603069        0x0 /usr/lib/gcc/x86_64-linux-gnu/4.8/../../../x86_64-linux-gnu/crtn.o
 *(COMMON)
 COMMON         0x0000000000603069        0xa main.o
                0x0000000000603069                buffer
                0x0000000000603078                . = ALIGN ((. != 0x0)?0x8:0x1)
 *fill*         0x0000000000603073        0x5 

.lbss
 *(.dynlbss)
 *(.lbss .lbss.* .gnu.linkonce.lb.*)
 *(LARGE_COMMON)
                0x0000000000603078                . = ALIGN (0x8)
                0x0000000000603078                . = SEGMENT_START ("ldata-segment", .)

.lrodata
 *(.lrodata .lrodata.* .gnu.linkonce.lr.*)

.ldata          0x0000000000a03078        0x0
 *(.ldata .ldata.* .gnu.linkonce.l.*)
                0x0000000000a03078                . = ALIGN ((. != 0x0)?0x8:0x1)
                0x0000000000a03078                . = ALIGN (0x8)
                0x0000000000a03078                _end = .
                0x0000000000a03078                PROVIDE (end, .)
                0x0000000000a03078                . = DATA_SEGMENT_END (.)

.stab
 *(.stab)

.stabstr
 *(.stabstr)

.stab.excl
 *(.stab.excl)

.stab.exclstr
 *(.stab.exclstr)

.stab.index
 *(.stab.index)

.stab.indexstr
 *(.stab.indexstr)

.comment        0x0000000000000000       0x4f
 *(.comment)
 .comment       0x0000000000000000       0x2b /usr/lib/gcc/x86_64-linux-gnu/4.8/crtbegin.o
                                         0x2c (size before relaxing)
 .comment       0x0000000000000000       0x2c main.o
 .comment       0x0000000000000000       0x2c memory.o
 .comment       0x0000000000000000       0x2c course1.o
 .comment       0x0000000000000000       0x2c stats.o
 .comment       0x0000000000000000       0x2c data.o
 .comment       0x000000000000002b       0x24 /usr/lib/x86_64-linux-gnu/libc_nonshared.a(elf-init.oS)
                                         0x25 (size before relaxing)
 .comment       0x0000000000000000       0x2c /usr/lib/gcc/x86_64-linux-gnu/4.8/crtend.o

.debug
 *(.debug)

.line
 *(.line)

.debug_srcinfo
 *(.debug_srcinfo)

.debug_sfnames
 *(.debug_sfnames)

.debug_aranges  0x0000000000000000       0xf0
 *(.debug_aranges)
 .debug_aranges
                0x0000000000000000       0x30 main.o
 .debug_aranges
                0x0000000000000030       0x30 memory.o
 .debug_aranges
                0x0000000000000060       0x30 course1.o
 .debug_aranges
                0x0000000000000090       0x30 stats.o
 .debug_aranges
                0x00000000000000c0       0x30 data.o

.debug_pubnames
 *(.debug_pubnames)

.debug_info     0x0000000000000000      0xdc3
 *(.debug_info .gnu.linkonce.wi.*)
 .debug_info    0x0000000000000000       0xdc main.o
 .debug_info    0x00000000000000dc      0x475 memory.o
 .debug_info    0x0000000000000551      0x426 course1.o
 .debug_info    0x0000000000000977      0x2ae stats.o
 .debug_info    0x0000000000000c25      0x19e data.o

.debug_abbrev   0x0000000000000000      0x3e3
 *(.debug_abbrev)
 .debug_abbrev  0x0000000000000000       0x87 main.o
 .debug_abbrev  0x0000000000000087       0xe2 memory.o
 .debug_abbrev  0x0000000000000169       0xe3 course1.o
 .debug_abbrev  0x000000000000024c       0xc6 stats.o
 .debug_abbrev  0x0000000000000312       0xd1 data.o

.debug_line     0x0000000000000000      0x519
 *(.debug_line .debug_line.* .debug_line_end)
 .debug_line    0x0000000000000000       0x68 main.o
 .debug_line    0x0000000000000068      0x154 memory.o
 .debug_line    0x00000000000001bc      0x1bd course1.o
 .debug_line    0x0000000000000379       0xd2 stats.o
 .debug_line    0x000000000000044b       0xce data.o

.debug_frame
 *(.debug_frame)

.debug_str      0x0000000000000000      0x2c3
 *(.debug_str)
 .debug_str     0x0000000000000000       0xd6 main.o
                                        0x103 (size before relaxing)
 .debug_str     0x00000000000000d6       0xb4 memory.o
                                        0x1ac (size before relaxing)
 .debug_str     0x000000000000018a       0x98 course1.o
                                        0x1ad (size before relaxing)
 .debug_str     0x0000000000000222       0x65 stats.o
                                        0x156 (size before relaxing)
 .debug_str     0x0000000000000287       0x3c data.o
                                        0x14d (size before relaxing)

.debug_loc
 *(.debug_loc)

.debug_macinfo
 *(.debug_macinfo)

.debug_weaknames
 *(.debug_weaknames)

.debug_funcnames
 *(.debug_funcnames)

.debug_typenames
 *(.debug_typenames)

.debug_varnames
 *(.debug_varnames)

.debug_pubtypes
 *(.debug_pubtypes)

.debug_ranges
 *(.debug_ranges)

.debug_macro
 *(.debug_macro)

.gnu.attributes
 *(.gnu.attributes)

/DISCARD/
 *(.note.GNU-stack)
 *(.gnu_debuglink)
 *(.gnu.lto_*)
OUTPUT(c1m2.out elf64-x86-64)
